// Jest Snapshot v1, https://goo.gl/fbAQLP

exports[`AddFolder component renders AddFolder by default 1`] = `
<form
  className="add_folder"
  onSubmit={[Function]}
>
  <h2>
    Add a Folder
  </h2>
  <div
    className="form_group"
  >
    <label
      htmlFor="folder__name"
    >
      Name of folder:
    </label>
    <input
      className="folder__name"
      id="folder__name"
      name="folderName"
      required={true}
      type="text"
    />
  </div>
  <div
    className="addFolder-button-group"
  >
    <button
      className="addFolder-button"
      onClick={[Function]}
      type="reset"
    >
      Cancel
    </button>
    <button
      className="addFolder-button"
      disabled={null}
      onClick={[Function]}
      type="submit"
    >
      Save Folder
    </button>
  </div>
</form>
`;
